** Drc report for TEMPERATURE_SENSOR_KICAD.kicad_pcb **
** Created on 2025-12-07T13:32:09-0500 **

** Found 142 DRC violations **
[annular_width]: Annular width (board setup constraints min annular width 0.1000 mm; actual 0.0500 mm)
    Rule: board setup constraints; error
    @(97.4500 mm, 145.0000 mm): PTH pad 9 [<no net>] of VR2
[annular_width]: Annular width (board setup constraints min annular width 0.1000 mm; actual 0.0500 mm)
    Rule: board setup constraints; error
    @(97.4500 mm, 145.5000 mm): PTH pad 10 [<no net>] of VR2
[annular_width]: Annular width (board setup constraints min annular width 0.1000 mm; actual 0.0500 mm)
    Rule: board setup constraints; error
    @(98.4500 mm, 144.5000 mm): PTH pad 11 [<no net>] of VR2
[annular_width]: Annular width (board setup constraints min annular width 0.1000 mm; actual 0.0500 mm)
    Rule: board setup constraints; error
    @(98.4500 mm, 145.0000 mm): PTH pad 12 [<no net>] of VR2
[annular_width]: Annular width (board setup constraints min annular width 0.1000 mm; actual 0.0500 mm)
    Rule: board setup constraints; error
    @(98.4500 mm, 145.5000 mm): PTH pad 13 [<no net>] of VR2
[annular_width]: Annular width (board setup constraints min annular width 0.1000 mm; actual 0.0500 mm)
    Rule: board setup constraints; error
    @(99.7500 mm, 145.0000 mm): PTH pad 15 [<no net>] of VR2
[annular_width]: Annular width (board setup constraints min annular width 0.1000 mm; actual 0.0500 mm)
    Rule: board setup constraints; error
    @(99.7500 mm, 145.5000 mm): PTH pad 16 [<no net>] of VR2
[annular_width]: Annular width (board setup constraints min annular width 0.1000 mm; actual 0.0500 mm)
    Rule: board setup constraints; error
    @(100.7500 mm, 144.5000 mm): PTH pad 17 [<no net>] of VR2
[annular_width]: Annular width (board setup constraints min annular width 0.1000 mm; actual 0.0500 mm)
    Rule: board setup constraints; error
    @(100.7500 mm, 145.0000 mm): PTH pad 18 [<no net>] of VR2
[annular_width]: Annular width (board setup constraints min annular width 0.1000 mm; actual 0.0500 mm)
    Rule: board setup constraints; error
    @(100.7500 mm, 145.5000 mm): PTH pad 19 [<no net>] of VR2
[clearance]: Clearance violation (netclass 'Default' clearance 0.2000 mm; actual 0.1510 mm)
    Rule: netclass 'Default'; error
[clearance]: Clearance violation (netclass 'Default' clearance 0.2000 mm; actual 0.1510 mm)
    Rule: netclass 'Default'; error
    @(108.5875 mm, 126.7000 mm): Pad 12 [unconnected-(U1-PA4-Pad12)] of U1 on F.Cu
[clearance]: Clearance violation (netclass 'Default' clearance 0.2000 mm; actual 0.1525 mm)
    Rule: netclass 'Default'; error
    @(115.0000 mm, 128.1125 mm): Pad 23 [GND] of U1 on F.Cu
    @(113.8078 mm, 125.6490 mm): Track [+3.3V] on F.Cu, length 2.3931 mm
[clearance]: Clearance violation (netclass 'Default' clearance 0.2000 mm; actual 0.1525 mm)
    Rule: netclass 'Default'; error
    @(108.5875 mm, 126.7000 mm): Pad 12 [unconnected-(U1-PA4-Pad12)] of U1 on F.Cu
[clearance]: Clearance violation (netclass 'Default' clearance 0.2000 mm; actual 0.1990 mm)
    Rule: netclass 'Default'; error
    @(114.0000 mm, 131.9500 mm): Via [GND] on F.Cu - B.Cu
    @(114.2489 mm, 132.8490 mm): Track [28V] on B.Cu, length 0.3999 mm
[clearance]: Clearance violation (netclass 'Default' clearance 0.2000 mm; actual 0.0950 mm)
    Rule: netclass 'Default'; error
    @(114.0000 mm, 131.9500 mm): Via [GND] on F.Cu - B.Cu
    @(113.6760 mm, 132.6760 mm): Track [28V] on B.Cu, length 0.8499 mm
[clearance]: Clearance violation (netclass 'Default' clearance 0.2000 mm; actual 0.0950 mm)
    Rule: netclass 'Default'; error
    @(114.0000 mm, 131.9500 mm): Via [GND] on F.Cu - B.Cu
    @(113.8490 mm, 132.8490 mm): Track [28V] on B.Cu, length 0.2447 mm
[clearance]: Clearance violation (netclass 'Default' clearance 0.2000 mm; actual 0.1510 mm)
    Rule: netclass 'Default'; error
    @(108.5875 mm, 126.2000 mm): Pad 11 [Net-(U1-PA3)] of U1 on F.Cu
[clearance]: Clearance violation (netclass 'Default' clearance 0.2000 mm; actual 0.1800 mm)
    Rule: netclass 'Default'; error
    @(96.4500 mm, 142.0000 mm): Pad 1 [+3.3V] of Cin3 on F.Cu
    @(95.8100 mm, 142.0000 mm): Pad 2 [GND] of Cin3 on F.Cu
[clearance]: Clearance violation (netclass 'Default' clearance 0.2000 mm; actual 0.1800 mm)
    Rule: netclass 'Default'; error
    @(100.8800 mm, 140.2500 mm): Pad 1 [Net-(VR2-EN)] of Renb2 on F.Cu
    @(101.5200 mm, 140.2500 mm): Pad 2 [GND] of Renb2 on F.Cu
[clearance]: Clearance violation (netclass 'Default' clearance 0.2000 mm; actual 0.1800 mm)
    Rule: netclass 'Default'; error
    @(99.2848 mm, 140.5000 mm): Pad 1 [+2.2V] of cout3 on F.Cu
    @(98.6448 mm, 140.5000 mm): Pad 2 [GND] of cout3 on F.Cu
[clearance]: Clearance violation (netclass 'Default' clearance 0.2000 mm; actual 0.1800 mm)
    Rule: netclass 'Default'; error
    @(113.7500 mm, 129.8050 mm): Pad 1 [+3.3V] of C3 on F.Cu
    @(113.7500 mm, 130.4450 mm): Pad 2 [GND] of C3 on F.Cu
[clearance]: Clearance violation (netclass 'Default' clearance 0.2000 mm; actual 0.1800 mm)
    Rule: netclass 'Default'; error
    @(108.0000 mm, 118.6300 mm): Pad 1 [Net-(D3-K)] of D3 on F.Cu
    @(108.0000 mm, 119.2700 mm): Pad 2 [Net-(D3-A)] of D3 on F.Cu
[clearance]: Clearance violation (netclass 'Default' clearance 0.2000 mm; actual 0.1800 mm)
    Rule: netclass 'Default'; error
    @(104.1250 mm, 121.5000 mm): Pad 1 [+3.3V] of C11 on F.Cu
    @(104.7650 mm, 121.5000 mm): Pad 2 [GND] of C11 on F.Cu
[clearance]: Clearance violation (netclass 'Default' clearance 0.2000 mm; actual 0.1750 mm)
    Rule: netclass 'Default'; error
    @(97.7375 mm, 142.9975 mm): Pad 1 [+3.3V] of VR2 on F.Cu
    @(98.6000 mm, 142.4350 mm): Pad 7 [Net-(VR2-FB)] of VR2 on F.Cu
[clearance]: Clearance violation (netclass 'Default' clearance 0.2000 mm; actual 0.0000 mm)
    Rule: netclass 'Default'; error
    @(97.9500 mm, 145.0100 mm): Pad 2 [unconnected-(VR2-SW-Pad2)] of VR2 on F.Cu
    @(97.4500 mm, 144.5000 mm): PTH pad 8 [<no net>] of VR2
[clearance]: Clearance violation (netclass 'Default' clearance 0.2000 mm; actual 0.1000 mm)
    Rule: netclass 'Default'; error
    @(97.9500 mm, 145.0100 mm): Pad 2 [unconnected-(VR2-SW-Pad2)] of VR2 on F.Cu
    @(97.4500 mm, 145.0000 mm): PTH pad 9 [<no net>] of VR2
[clearance]: Clearance violation (netclass 'Default' clearance 0.2000 mm; actual 0.1966 mm)
    Rule: netclass 'Default'; error
    @(97.9500 mm, 145.0100 mm): Pad 2 [unconnected-(VR2-SW-Pad2)] of VR2 on F.Cu
    @(97.4500 mm, 145.5000 mm): PTH pad 10 [<no net>] of VR2
[clearance]: Clearance violation (netclass 'Default' clearance 0.2000 mm; actual 0.1000 mm)
    Rule: netclass 'Default'; error
    @(97.9500 mm, 145.0100 mm): Pad 2 [unconnected-(VR2-SW-Pad2)] of VR2 on F.Cu
    @(98.4500 mm, 145.0000 mm): PTH pad 12 [<no net>] of VR2
[clearance]: Clearance violation (netclass 'Default' clearance 0.2000 mm; actual 0.1966 mm)
    Rule: netclass 'Default'; error
    @(97.9500 mm, 145.0100 mm): Pad 2 [unconnected-(VR2-SW-Pad2)] of VR2 on F.Cu
    @(98.4500 mm, 145.5000 mm): PTH pad 13 [<no net>] of VR2
[clearance]: Clearance violation (netclass 'Default' clearance 0.2000 mm; actual 0.0000 mm)
    Rule: netclass 'Default'; error
    @(100.2500 mm, 145.0100 mm): Pad 3 [+2.2V] of VR2 on F.Cu
    @(99.7500 mm, 144.5000 mm): PTH pad 14 [<no net>] of VR2
[clearance]: Clearance violation (netclass 'Default' clearance 0.2000 mm; actual 0.1000 mm)
    Rule: netclass 'Default'; error
    @(100.2500 mm, 145.0100 mm): Pad 3 [+2.2V] of VR2 on F.Cu
    @(99.7500 mm, 145.0000 mm): PTH pad 15 [<no net>] of VR2
[clearance]: Clearance violation (netclass 'Default' clearance 0.2000 mm; actual 0.1000 mm)
    Rule: netclass 'Default'; error
    @(100.2500 mm, 145.0100 mm): Pad 3 [+2.2V] of VR2 on F.Cu
    @(100.7500 mm, 145.0000 mm): PTH pad 18 [<no net>] of VR2
[clearance]: Clearance violation (netclass 'Default' clearance 0.2000 mm; actual 0.1966 mm)
    Rule: netclass 'Default'; error
    @(100.2500 mm, 145.0100 mm): Pad 3 [+2.2V] of VR2 on F.Cu
    @(99.7500 mm, 145.5000 mm): PTH pad 16 [<no net>] of VR2
[clearance]: Clearance violation (netclass 'Default' clearance 0.2000 mm; actual 0.1966 mm)
    Rule: netclass 'Default'; error
    @(100.2500 mm, 145.0100 mm): Pad 3 [+2.2V] of VR2 on F.Cu
    @(100.7500 mm, 145.5000 mm): PTH pad 19 [<no net>] of VR2
[clearance]: Clearance violation (netclass 'Default' clearance 0.2000 mm; actual 0.1750 mm)
    Rule: netclass 'Default'; error
    @(100.4625 mm, 142.9975 mm): Pad 4 [GND] of VR2 on F.Cu
    @(99.6000 mm, 142.4350 mm): Pad 5 [unconnected-(VR2-PG-Pad5)] of VR2 on F.Cu
[clearance]: Clearance violation (netclass 'Default' clearance 0.2000 mm; actual 0.0000 mm)
    Rule: netclass 'Default'; error
    @(97.4500 mm, 144.5000 mm): PTH pad 8 [<no net>] of VR2
    @(97.4500 mm, 145.0000 mm): PTH pad 9 [<no net>] of VR2
[clearance]: Clearance violation (netclass 'Default' clearance 0.2000 mm; actual 0.0000 mm)
    Rule: netclass 'Default'; error
    @(97.4500 mm, 144.5000 mm): PTH pad 8 [<no net>] of VR2
    @(97.4500 mm, 145.5000 mm): PTH pad 10 [<no net>] of VR2
[clearance]: Clearance violation (netclass 'Default' clearance 0.2000 mm; actual 0.0000 mm)
    Rule: netclass 'Default'; error
    @(97.4500 mm, 144.5000 mm): PTH pad 8 [<no net>] of VR2
    @(98.4500 mm, 144.5000 mm): PTH pad 11 [<no net>] of VR2
[clearance]: Clearance violation (netclass 'Default' clearance 0.2000 mm; actual 0.0000 mm)
    Rule: netclass 'Default'; error
    @(97.4500 mm, 144.5000 mm): PTH pad 8 [<no net>] of VR2
    @(98.4500 mm, 145.0000 mm): PTH pad 12 [<no net>] of VR2
[clearance]: Clearance violation (netclass 'Default' clearance 0.2000 mm; actual 0.0000 mm)
    Rule: netclass 'Default'; error
    @(97.4500 mm, 144.5000 mm): PTH pad 8 [<no net>] of VR2
    @(98.4500 mm, 145.5000 mm): PTH pad 13 [<no net>] of VR2
[clearance]: Clearance violation (netclass 'Default' clearance 0.2000 mm; actual 0.0000 mm)
    Rule: netclass 'Default'; error
    @(97.4500 mm, 144.5000 mm): PTH pad 8 [<no net>] of VR2
    @(97.4500 mm, 145.5000 mm): PTH pad 10 [<no net>] of VR2
[clearance]: Clearance violation (netclass 'Default' clearance 0.2000 mm; actual 0.0000 mm)
    Rule: netclass 'Default'; error
    @(97.4500 mm, 144.5000 mm): PTH pad 8 [<no net>] of VR2
    @(98.4500 mm, 145.0000 mm): PTH pad 12 [<no net>] of VR2
[clearance]: Clearance violation (netclass 'Default' clearance 0.2000 mm; actual 0.0000 mm)
    Rule: netclass 'Default'; error
    @(99.7500 mm, 144.5000 mm): PTH pad 14 [<no net>] of VR2
    @(99.7500 mm, 145.0000 mm): PTH pad 15 [<no net>] of VR2
[clearance]: Clearance violation (netclass 'Default' clearance 0.2000 mm; actual 0.0000 mm)
    Rule: netclass 'Default'; error
    @(99.7500 mm, 144.5000 mm): PTH pad 14 [<no net>] of VR2
    @(100.7500 mm, 144.5000 mm): PTH pad 17 [<no net>] of VR2
[clearance]: Clearance violation (netclass 'Default' clearance 0.2000 mm; actual 0.0000 mm)
    Rule: netclass 'Default'; error
    @(99.7500 mm, 144.5000 mm): PTH pad 14 [<no net>] of VR2
    @(100.7500 mm, 145.0000 mm): PTH pad 18 [<no net>] of VR2
[clearance]: Clearance violation (netclass 'Default' clearance 0.2000 mm; actual 0.0000 mm)
    Rule: netclass 'Default'; error
    @(99.7500 mm, 144.5000 mm): PTH pad 14 [<no net>] of VR2
    @(99.7500 mm, 145.5000 mm): PTH pad 16 [<no net>] of VR2
[clearance]: Clearance violation (netclass 'Default' clearance 0.2000 mm; actual 0.0000 mm)
    Rule: netclass 'Default'; error
    @(99.7500 mm, 144.5000 mm): PTH pad 14 [<no net>] of VR2
    @(100.7500 mm, 145.5000 mm): PTH pad 19 [<no net>] of VR2
[clearance]: Clearance violation (netclass 'Default' clearance 0.2000 mm; actual 0.0000 mm)
    Rule: netclass 'Default'; error
    @(99.7500 mm, 144.5000 mm): PTH pad 14 [<no net>] of VR2
    @(99.7500 mm, 145.0000 mm): PTH pad 15 [<no net>] of VR2
[clearance]: Clearance violation (netclass 'Default' clearance 0.2000 mm; actual 0.0000 mm)
    Rule: netclass 'Default'; error
    @(99.7500 mm, 144.5000 mm): PTH pad 14 [<no net>] of VR2
    @(100.7500 mm, 144.5000 mm): PTH pad 17 [<no net>] of VR2
[clearance]: Clearance violation (netclass 'Default' clearance 0.2000 mm; actual 0.0000 mm)
    Rule: netclass 'Default'; error
    @(99.7500 mm, 144.5000 mm): PTH pad 14 [<no net>] of VR2
    @(100.7500 mm, 145.5000 mm): PTH pad 19 [<no net>] of VR2
[clearance]: Clearance violation (netclass 'Default' clearance 0.2000 mm; actual 0.1800 mm)
    Rule: netclass 'Default'; error
    @(99.2700 mm, 141.3081 mm): Pad 1 [+2.2V] of cff1 on F.Cu
    @(98.6300 mm, 141.3081 mm): Pad 2 [Net-(VR2-FB)] of cff1 on F.Cu
[clearance]: Clearance violation (netclass 'Default' clearance 0.2000 mm; actual 0.1800 mm)
    Rule: netclass 'Default'; error
    @(92.2850 mm, 124.8000 mm): Pad 1 [/PWR_LED_K] of D1 on F.Cu
    @(92.9250 mm, 124.8000 mm): Pad 2 [+3.3V] of D1 on F.Cu
[clearance]: Clearance violation (netclass 'Default' clearance 0.2000 mm; actual 0.1800 mm)
    Rule: netclass 'Default'; error
    @(97.6750 mm, 141.2500 mm): Pad 1 [Net-(VR2-FB)] of rfbb2 on F.Cu
    @(97.0350 mm, 141.2500 mm): Pad 2 [GND] of rfbb2 on F.Cu
[clearance]: Clearance violation (netclass 'Default' clearance 0.2000 mm; actual 0.1000 mm)
    Rule: netclass 'Default'; error
    @(113.8750 mm, 142.4000 mm): Pad 1 [Net-(U5-SS)] of Css2 on F.Cu
    @(113.8750 mm, 142.9000 mm): Pad 2 [GND] of Css2 on F.Cu
[clearance]: Clearance violation (netclass 'Default' clearance 0.2000 mm; actual 0.1800 mm)
    Rule: netclass 'Default'; error
    @(100.1300 mm, 139.6800 mm): Pad 1 [+3.3V] of Rent2 on F.Cu
    @(100.1300 mm, 140.3200 mm): Pad 2 [Net-(VR2-EN)] of Rent2 on F.Cu
[clearance]: Clearance violation (netclass 'Default' clearance 0.2000 mm; actual 0.1800 mm)
    Rule: netclass 'Default'; error
    @(112.1250 mm, 142.2650 mm): Pad 1 [Net-(U5-BST)] of Cboot2 on F.Cu
    @(112.1250 mm, 141.6250 mm): Pad 2 [Net-(U5-SW)] of Cboot2 on F.Cu
[clearance]: Clearance violation (netclass 'Default' clearance 0.2000 mm; actual 0.1800 mm)
    Rule: netclass 'Default'; error
    @(96.4250 mm, 143.0000 mm): Pad 1 [+3.3V] of Cinx3 on F.Cu
    @(95.7850 mm, 143.0000 mm): Pad 2 [GND] of Cinx3 on F.Cu
[clearance]: Clearance violation (netclass 'Default' clearance 0.2000 mm; actual 0.1800 mm)
    Rule: netclass 'Default'; error
    @(100.1300 mm, 141.2500 mm): Pad 1 [Net-(VR2-EN)] of Cen2 on F.Cu
    @(100.7700 mm, 141.2500 mm): Pad 2 [GND] of Cen2 on F.Cu
[clearance]: Clearance violation (netclass 'Default' clearance 0.2000 mm; actual 0.1800 mm)
    Rule: netclass 'Default'; error
    @(99.3096 mm, 139.6652 mm): Pad 1 [+2.2V] of rfbt2 on F.Cu
    @(98.6696 mm, 139.6652 mm): Pad 2 [Net-(VR2-FB)] of rfbt2 on F.Cu
[clearance]: Clearance violation (netclass 'Default' clearance 0.2000 mm; actual 0.1800 mm)
    Rule: netclass 'Default'; error
    @(106.5000 mm, 118.7700 mm): Pad 1 [Net-(D4-K)] of D4 on F.Cu
    @(106.5000 mm, 119.4100 mm): Pad 2 [Net-(D4-A)] of D4 on F.Cu
[drill_out_of_range]: Hole size out of range (board setup constraints min hole 0.3000 mm; actual 0.2000 mm)
    Rule: board setup constraints; error
    @(97.4500 mm, 144.5000 mm): PTH pad 8 [<no net>] of VR2
[drill_out_of_range]: Hole size out of range (board setup constraints min hole 0.3000 mm; actual 0.2000 mm)
    Rule: board setup constraints; error
    @(97.4500 mm, 145.0000 mm): PTH pad 9 [<no net>] of VR2
[drill_out_of_range]: Hole size out of range (board setup constraints min hole 0.3000 mm; actual 0.2000 mm)
    Rule: board setup constraints; error
    @(97.4500 mm, 145.5000 mm): PTH pad 10 [<no net>] of VR2
[drill_out_of_range]: Hole size out of range (board setup constraints min hole 0.3000 mm; actual 0.2000 mm)
    Rule: board setup constraints; error
    @(98.4500 mm, 144.5000 mm): PTH pad 11 [<no net>] of VR2
[drill_out_of_range]: Hole size out of range (board setup constraints min hole 0.3000 mm; actual 0.2000 mm)
    Rule: board setup constraints; error
    @(98.4500 mm, 145.0000 mm): PTH pad 12 [<no net>] of VR2
[drill_out_of_range]: Hole size out of range (board setup constraints min hole 0.3000 mm; actual 0.2000 mm)
    Rule: board setup constraints; error
    @(98.4500 mm, 145.5000 mm): PTH pad 13 [<no net>] of VR2
[drill_out_of_range]: Hole size out of range (board setup constraints min hole 0.3000 mm; actual 0.2000 mm)
    Rule: board setup constraints; error
    @(99.7500 mm, 144.5000 mm): PTH pad 14 [<no net>] of VR2
[drill_out_of_range]: Hole size out of range (board setup constraints min hole 0.3000 mm; actual 0.2000 mm)
    Rule: board setup constraints; error
    @(99.7500 mm, 145.0000 mm): PTH pad 15 [<no net>] of VR2
[drill_out_of_range]: Hole size out of range (board setup constraints min hole 0.3000 mm; actual 0.2000 mm)
    Rule: board setup constraints; error
    @(99.7500 mm, 145.5000 mm): PTH pad 16 [<no net>] of VR2
[drill_out_of_range]: Hole size out of range (board setup constraints min hole 0.3000 mm; actual 0.2000 mm)
    Rule: board setup constraints; error
    @(100.7500 mm, 144.5000 mm): PTH pad 17 [<no net>] of VR2
[drill_out_of_range]: Hole size out of range (board setup constraints min hole 0.3000 mm; actual 0.2000 mm)
    Rule: board setup constraints; error
    @(100.7500 mm, 145.0000 mm): PTH pad 18 [<no net>] of VR2
[drill_out_of_range]: Hole size out of range (board setup constraints min hole 0.3000 mm; actual 0.2000 mm)
    Rule: board setup constraints; error
    @(100.7500 mm, 145.5000 mm): PTH pad 19 [<no net>] of VR2
[invalid_outline]: Board has malformed outline (not a closed shape)
    Local override; error
    @(143.2508 mm, 99.0000 mm): Arc on Edge.Cuts
[invalid_outline]: Board has malformed outline (not a closed shape)
    Local override; error
    @(71.7500 mm, 98.2500 mm): Segment on Edge.Cuts
[invalid_outline]: Board has malformed outline (self-intersecting)
    Local override; error
    @(145.0000 mm, 99.0000 mm): Segment on Edge.Cuts
    @(143.2508 mm, 99.0000 mm): Arc on Edge.Cuts
[invalid_outline]: Board has malformed outline (self-intersecting)
    Local override; error
    @(73.0245 mm, 172.7438 mm): Segment on Edge.Cuts
    @(143.5024 mm, 171.2804 mm): Arc on Edge.Cuts
[text_height]: Text height out of range (board setup constraints silk text height min height 0.8000 mm; actual 0.4000 mm)
    Rule: board setup constraints silk text height; warning
    @(112.7500 mm, 130.5000 mm): Reference field of C8
[text_thickness]: Text thickness out of range (board setup constraints silk text thickness min thickness 0.0800 mm; actual 0.0500 mm)
    Rule: board setup constraints silk text thickness; warning
    @(96.1550 mm, 141.4850 mm): Reference field of Cin3
[text_height]: Text height out of range (board setup constraints silk text height min height 0.8000 mm; actual 0.2000 mm)
    Rule: board setup constraints silk text height; warning
    @(96.1550 mm, 141.4850 mm): Reference field of Cin3
[text_thickness]: Text thickness out of range (board setup constraints silk text thickness min thickness 0.0800 mm; actual 0.0375 mm)
    Rule: board setup constraints silk text thickness; warning
    @(101.1750 mm, 140.7650 mm): Reference field of Renb2
[text_height]: Text height out of range (board setup constraints silk text height min height 0.8000 mm; actual 0.1500 mm)
    Rule: board setup constraints silk text height; warning
    @(101.1750 mm, 140.7650 mm): Reference field of Renb2
[text_height]: Text height out of range (board setup constraints silk text height min height 0.8000 mm; actual 0.4000 mm)
    Rule: board setup constraints silk text height; warning
    @(103.0891 mm, 123.4875 mm): Reference field of C13
[text_height]: Text height out of range (board setup constraints silk text height min height 0.8000 mm; actual 0.4000 mm)
    Rule: board setup constraints silk text height; warning
    @(112.8004 mm, 134.2500 mm): Reference field of C10
[text_height]: Text height out of range (board setup constraints silk text height min height 0.8000 mm; actual 0.4000 mm)
    Rule: board setup constraints silk text height; warning
    @(115.7539 mm, 132.6337 mm): Reference field of C5
[text_height]: Text height out of range (board setup constraints silk text height min height 0.8000 mm; actual 0.4000 mm)
    Rule: board setup constraints silk text height; warning
    @(108.7500 mm, 119.0200 mm): Reference field of D3
[text_height]: Text height out of range (board setup constraints silk text height min height 0.8000 mm; actual 0.4000 mm)
    Rule: board setup constraints silk text height; warning
    @(104.4317 mm, 120.8836 mm): Reference field of C11
[text_thickness]: Text thickness out of range (board setup constraints silk text thickness min thickness 0.0800 mm; actual 0.0250 mm)
    Rule: board setup constraints silk text thickness; warning
    @(98.9250 mm, 140.7931 mm): Reference field of cff1
[text_height]: Text height out of range (board setup constraints silk text height min height 0.8000 mm; actual 0.1500 mm)
    Rule: board setup constraints silk text height; warning
    @(98.9250 mm, 140.7931 mm): Reference field of cff1
[text_height]: Text height out of range (board setup constraints silk text height min height 0.8000 mm; actual 0.4000 mm)
    Rule: board setup constraints silk text height; warning
    @(104.6209 mm, 120.2665 mm): Reference field of R2
[text_height]: Text height out of range (board setup constraints silk text height min height 0.8000 mm; actual 0.4000 mm)
    Rule: board setup constraints silk text height; warning
    @(103.1379 mm, 122.4649 mm): Reference field of C12
[text_thickness]: Text thickness out of range (board setup constraints silk text thickness min thickness 0.0800 mm; actual 0.0625 mm)
    Rule: board setup constraints silk text thickness; warning
    @(112.1250 mm, 138.1250 mm): Reference field of Cinx4
[text_height]: Text height out of range (board setup constraints silk text height min height 0.8000 mm; actual 0.2500 mm)
    Rule: board setup constraints silk text height; warning
    @(112.1250 mm, 138.1250 mm): Reference field of Cinx4
[text_height]: Text height out of range (board setup constraints silk text height min height 0.8000 mm; actual 0.4000 mm)
    Rule: board setup constraints silk text height; warning
    @(115.0000 mm, 132.7500 mm): Reference field of C4
[text_height]: Text height out of range (board setup constraints silk text height min height 0.8000 mm; actual 0.4000 mm)
    Rule: board setup constraints silk text height; warning
    @(114.0019 mm, 132.6105 mm): Reference field of C9
[text_thickness]: Text thickness out of range (board setup constraints silk text thickness min thickness 0.0800 mm; actual 0.0250 mm)
    Rule: board setup constraints silk text thickness; warning
    @(97.3300 mm, 140.7350 mm): Reference field of rfbb2
[text_height]: Text height out of range (board setup constraints silk text height min height 0.8000 mm; actual 0.1000 mm)
    Rule: board setup constraints silk text height; warning
    @(97.3300 mm, 140.7350 mm): Reference field of rfbb2
[text_thickness]: Text thickness out of range (board setup constraints silk text thickness min thickness 0.0800 mm; actual 0.0625 mm)
    Rule: board setup constraints silk text thickness; warning
    @(114.6250 mm, 142.6250 mm): Reference field of Css2
[text_height]: Text height out of range (board setup constraints silk text height min height 0.8000 mm; actual 0.2500 mm)
    Rule: board setup constraints silk text height; warning
    @(114.6250 mm, 142.6250 mm): Reference field of Css2
[text_thickness]: Text thickness out of range (board setup constraints silk text thickness min thickness 0.0800 mm; actual 0.0625 mm)
    Rule: board setup constraints silk text thickness; warning
    @(100.2000 mm, 138.5000 mm): Reference field of Rent2
[text_height]: Text height out of range (board setup constraints silk text height min height 0.8000 mm; actual 0.2500 mm)
    Rule: board setup constraints silk text height; warning
    @(100.2000 mm, 138.5000 mm): Reference field of Rent2
[text_height]: Text height out of range (board setup constraints silk text height min height 0.8000 mm; actual 0.4000 mm)
    Rule: board setup constraints silk text height; warning
    @(121.9384 mm, 132.5708 mm): Reference field of C16
[text_height]: Text height out of range (board setup constraints silk text height min height 0.8000 mm; actual 0.4000 mm)
    Rule: board setup constraints silk text height; warning
    @(105.7500 mm, 117.2700 mm): Reference field of R4
[text_height]: Text height out of range (board setup constraints silk text height min height 0.8000 mm; actual 0.4000 mm)
    Rule: board setup constraints silk text height; warning
    @(108.7500 mm, 117.2700 mm): Reference field of R3
[text_thickness]: Text thickness out of range (board setup constraints silk text thickness min thickness 0.0800 mm; actual 0.0625 mm)
    Rule: board setup constraints silk text thickness; warning
    @(112.1250 mm, 143.3750 mm): Reference field of Cboot2
[text_height]: Text height out of range (board setup constraints silk text height min height 0.8000 mm; actual 0.2500 mm)
    Rule: board setup constraints silk text height; warning
    @(112.1250 mm, 143.3750 mm): Reference field of Cboot2
[text_thickness]: Text thickness out of range (board setup constraints silk text thickness min thickness 0.0800 mm; actual 0.0625 mm)
    Rule: board setup constraints silk text thickness; warning
    @(116.5000 mm, 138.0000 mm): Reference field of Cin4
[text_height]: Text height out of range (board setup constraints silk text height min height 0.8000 mm; actual 0.2500 mm)
    Rule: board setup constraints silk text height; warning
    @(116.5000 mm, 138.0000 mm): Reference field of Cin4
[text_height]: Text height out of range (board setup constraints silk text height min height 0.8000 mm; actual 0.4000 mm)
    Rule: board setup constraints silk text height; warning
    @(104.6272 mm, 117.6543 mm): Reference field of C14
[text_thickness]: Text thickness out of range (board setup constraints silk text thickness min thickness 0.0800 mm; actual 0.0250 mm)
    Rule: board setup constraints silk text thickness; warning
    @(96.1300 mm, 142.4850 mm): Reference field of Cinx3
[text_height]: Text height out of range (board setup constraints silk text height min height 0.8000 mm; actual 0.1000 mm)
    Rule: board setup constraints silk text height; warning
    @(96.1300 mm, 142.4850 mm): Reference field of Cinx3
[text_height]: Text height out of range (board setup constraints silk text height min height 0.8000 mm; actual 0.4000 mm)
    Rule: board setup constraints silk text height; warning
    @(116.7461 mm, 132.6492 mm): Reference field of C6
[text_thickness]: Text thickness out of range (board setup constraints silk text thickness min thickness 0.0800 mm; actual 0.0625 mm)
    Rule: board setup constraints silk text thickness; warning
    @(117.1250 mm, 140.1250 mm): Reference field of Rfbb1
[text_height]: Text height out of range (board setup constraints silk text height min height 0.8000 mm; actual 0.2500 mm)
    Rule: board setup constraints silk text height; warning
    @(117.1250 mm, 140.1250 mm): Reference field of Rfbb1
[text_thickness]: Text thickness out of range (board setup constraints silk text thickness min thickness 0.0800 mm; actual 0.0625 mm)
    Rule: board setup constraints silk text thickness; warning
    @(119.5000 mm, 144.3500 mm): Reference field of Cout4
[text_height]: Text height out of range (board setup constraints silk text height min height 0.8000 mm; actual 0.2500 mm)
    Rule: board setup constraints silk text height; warning
    @(119.5000 mm, 144.3500 mm): Reference field of Cout4
[text_thickness]: Text thickness out of range (board setup constraints silk text thickness min thickness 0.0800 mm; actual 0.0500 mm)
    Rule: board setup constraints silk text thickness; warning
    @(100.4250 mm, 141.7650 mm): Reference field of Cen2
[text_height]: Text height out of range (board setup constraints silk text height min height 0.8000 mm; actual 0.2000 mm)
    Rule: board setup constraints silk text height; warning
    @(100.4250 mm, 141.7650 mm): Reference field of Cen2
[text_thickness]: Text thickness out of range (board setup constraints silk text thickness min thickness 0.0800 mm; actual 0.0375 mm)
    Rule: board setup constraints silk text thickness; warning
    @(98.9646 mm, 139.1502 mm): Reference field of rfbt2
[text_height]: Text height out of range (board setup constraints silk text height min height 0.8000 mm; actual 0.1500 mm)
    Rule: board setup constraints silk text height; warning
    @(98.9646 mm, 139.1502 mm): Reference field of rfbt2
[text_height]: Text height out of range (board setup constraints silk text height min height 0.8000 mm; actual 0.4000 mm)
    Rule: board setup constraints silk text height; warning
    @(105.8604 mm, 118.9082 mm): Reference field of D4
[silk_over_copper]: Silkscreen clipped by solder mask
    Local override; warning
    @(97.0648 mm, 140.3600 mm): Reference field of cout3
[silk_over_copper]: Silkscreen clipped by solder mask
    Local override; warning
    @(128.2500 mm, 114.7500 mm): Reference field of H3
[silk_over_copper]: Silkscreen clipped by solder mask
    Local override; warning
    @(126.9650 mm, 135.0950 mm): Reference field of C15
[silk_over_copper]: Silkscreen clipped by solder mask
    Local override; warning
    @(96.6000 mm, 142.9850 mm): Circle of VR2 on F.Silkscreen
[silk_over_copper]: Silkscreen clipped by solder mask
    Local override; warning
    @(114.6250 mm, 142.6250 mm): Reference field of Css2
[silk_over_copper]: Silkscreen clipped by solder mask
    Local override; warning
    @(105.8604 mm, 118.9082 mm): Reference field of D4
[solder_mask_bridge]: Front solder mask aperture bridges items with different nets
    Rule: board setup solder mask min width; error
    @(97.2500 mm, 145.6750 mm): Polygon of VR2 on F.Mask
    @(97.9500 mm, 145.0100 mm): Pad 2 [unconnected-(VR2-SW-Pad2)] of VR2 on F.Cu
[solder_mask_bridge]: Front solder mask aperture bridges items with different nets
    Rule: board setup solder mask min width; error
    @(97.2500 mm, 145.6750 mm): Polygon of VR2 on F.Mask
    @(97.9500 mm, 145.0100 mm): Pad 2 [unconnected-(VR2-SW-Pad2)] of VR2 on F.Cu
[solder_mask_bridge]: Front solder mask aperture bridges items with different nets
    Rule: board setup solder mask min width; error
    @(97.2500 mm, 145.6750 mm): Polygon of VR2 on F.Mask
    @(97.9500 mm, 145.0100 mm): Pad 2 [unconnected-(VR2-SW-Pad2)] of VR2 on F.Cu
[solder_mask_bridge]: Front solder mask aperture bridges items with different nets
    Rule: board setup solder mask min width; error
    @(97.2500 mm, 145.6750 mm): Polygon of VR2 on F.Mask
    @(97.9500 mm, 145.0100 mm): Pad 2 [unconnected-(VR2-SW-Pad2)] of VR2 on F.Cu
[solder_mask_bridge]: Front solder mask aperture bridges items with different nets
    Rule: board setup solder mask min width; error
    @(97.2500 mm, 145.6750 mm): Polygon of VR2 on F.Mask
    @(97.9500 mm, 145.0100 mm): Pad 2 [unconnected-(VR2-SW-Pad2)] of VR2 on F.Cu
[solder_mask_bridge]: Front solder mask aperture bridges items with different nets
    Rule: board setup solder mask min width; error
    @(97.2500 mm, 145.6750 mm): Polygon of VR2 on F.Mask
    @(97.9500 mm, 145.0100 mm): Pad 2 [unconnected-(VR2-SW-Pad2)] of VR2 on F.Cu
[solder_mask_bridge]: Front solder mask aperture bridges items with different nets
    Rule: board setup solder mask min width; error
    @(99.5500 mm, 146.0600 mm): Polygon of VR2 on F.Mask
    @(100.2500 mm, 145.0100 mm): Pad 3 [+2.2V] of VR2 on F.Cu
[solder_mask_bridge]: Front solder mask aperture bridges items with different nets
    Rule: board setup solder mask min width; error
    @(99.5500 mm, 146.0600 mm): Polygon of VR2 on F.Mask
    @(100.2500 mm, 145.0100 mm): Pad 3 [+2.2V] of VR2 on F.Cu
[solder_mask_bridge]: Front solder mask aperture bridges items with different nets
    Rule: board setup solder mask min width; error
    @(99.5500 mm, 146.0600 mm): Polygon of VR2 on F.Mask
    @(100.2500 mm, 145.0100 mm): Pad 3 [+2.2V] of VR2 on F.Cu
[solder_mask_bridge]: Front solder mask aperture bridges items with different nets
    Rule: board setup solder mask min width; error
    @(99.5500 mm, 146.0600 mm): Polygon of VR2 on F.Mask
    @(100.2500 mm, 145.0100 mm): Pad 3 [+2.2V] of VR2 on F.Cu
[solder_mask_bridge]: Front solder mask aperture bridges items with different nets
    Rule: board setup solder mask min width; error
    @(99.5500 mm, 146.0600 mm): Polygon of VR2 on F.Mask
    @(100.2500 mm, 145.0100 mm): Pad 3 [+2.2V] of VR2 on F.Cu
[solder_mask_bridge]: Front solder mask aperture bridges items with different nets
    Rule: board setup solder mask min width; error
    @(99.5500 mm, 146.0600 mm): Polygon of VR2 on F.Mask
    @(100.2500 mm, 145.0100 mm): Pad 3 [+2.2V] of VR2 on F.Cu
[silk_overlap]: Silkscreen overlap
    Rule: board setup constraints silk; warning
    @(97.0648 mm, 140.3600 mm): Reference field of cout3
    @(97.3300 mm, 140.7350 mm): Reference field of rfbb2
[silk_overlap]: Silkscreen overlap
    Rule: board setup constraints silk; warning
    @(98.9250 mm, 140.7931 mm): Reference field of cff1
    @(97.0648 mm, 140.3600 mm): Reference field of cout3
[silk_overlap]: Silkscreen overlap
    Rule: board setup constraints silk; warning
    @(100.2000 mm, 138.5000 mm): Reference field of Rent2
    @(100.5000 mm, 137.2500 mm): Reference field of TP4

** Found 21 unconnected pads **
[unconnected_items]: Missing connection between items
    Local override; error
    @(95.7850 mm, 143.0000 mm): Pad 2 [GND] of Cinx3 on F.Cu
    @(95.8100 mm, 142.0000 mm): Pad 2 [GND] of Cin3 on F.Cu
[unconnected_items]: Missing connection between items
    Local override; error
    @(95.8100 mm, 142.0000 mm): Pad 2 [GND] of Cin3 on F.Cu
    @(97.0350 mm, 141.2500 mm): Pad 2 [GND] of rfbb2 on F.Cu
[unconnected_items]: Missing connection between items
    Local override; error
    @(97.9500 mm, 140.0000 mm): Via [GND] on F.Cu - B.Cu
    @(97.0350 mm, 141.2500 mm): Pad 2 [GND] of rfbb2 on F.Cu
[unconnected_items]: Missing connection between items
    Local override; error
    @(100.4625 mm, 142.9975 mm): Pad 4 [GND] of VR2 on F.Cu
    @(100.7700 mm, 141.2500 mm): Track [GND] on F.Cu, length 0.6800 mm
[unconnected_items]: Missing connection between items
    Local override; error
    @(106.5000 mm, 116.7500 mm): Track [GND] on F.Cu, length 0.9800 mm
    @(108.0000 mm, 116.7500 mm): Pad 2 [GND] of R3 on F.Cu
[unconnected_items]: Missing connection between items
    Local override; error
    @(111.6250 mm, 137.1250 mm): Pad 2 [GND] of Cinx4 on F.Cu
    @(113.2500 mm, 134.5000 mm): Via [GND] on F.Cu - B.Cu
[unconnected_items]: Missing connection between items
    Local override; error
    @(113.3750 mm, 139.1732 mm): Pad 4 [GND] of U5 on F.Cu
    @(111.6250 mm, 137.1250 mm): Pad 2 [GND] of Cinx4 on F.Cu
[unconnected_items]: Missing connection between items
    Local override; error
    @(113.8750 mm, 142.9000 mm): Pad 2 [GND] of Css2 on F.Cu
    @(117.6250 mm, 142.6500 mm): Pad 2 [GND] of Cout4 on F.Cu
[unconnected_items]: Missing connection between items
    Local override; error
    @(117.6250 mm, 142.6500 mm): Pad 2 [GND] of Cout4 on F.Cu
    @(117.6450 mm, 140.8750 mm): Pad 2 [GND] of Rfbb1 on F.Cu
[unconnected_items]: Missing connection between items
    Local override; error
    @(117.8500 mm, 136.1250 mm): Pad 2 [GND] of Cin4 on F.Cu
    @(119.8750 mm, 138.0750 mm): Via [GND] on F.Cu - B.Cu
[unconnected_items]: Missing connection between items
    Local override; error
    @(121.3000 mm, 138.2500 mm): Track [GND] on F.Cu, length 1.2500 mm
    @(117.6450 mm, 140.8750 mm): Pad 2 [GND] of Rfbb1 on F.Cu
[unconnected_items]: Missing connection between items
    Local override; error
    @(127.0000 mm, 105.8500 mm): Pad 3 [GND] of J25 on F.Cu
    @(115.6000 mm, 105.8500 mm): Pad 3 [GND] of J24 on F.Cu
[unconnected_items]: Missing connection between items
    Local override; error
    @(133.2500 mm, 108.2500 mm): Via [GND] on F.Cu - B.Cu
    @(127.0000 mm, 105.8500 mm): Pad 3 [GND] of J25 on F.Cu
[unconnected_items]: Missing connection between items
    Local override; error
    @(97.5000 mm, 127.5500 mm): Track [+3.3V] on F.Cu, length 4.4500 mm
    @(100.1300 mm, 139.6800 mm): Pad 1 [+3.3V] of Rent2 on F.Cu
[unconnected_items]: Missing connection between items
    Local override; error
    @(96.7400 mm, 142.0000 mm): Track [+3.3V] on F.Cu, length 1.4107 mm
    @(100.1300 mm, 139.6800 mm): Pad 1 [+3.3V] of Rent2 on F.Cu
[unconnected_items]: Missing connection between items
    Local override; error
    @(99.2700 mm, 141.3081 mm): Track [+2.2V] on F.Cu, length 0.7933 mm
    @(100.2500 mm, 145.0100 mm): Pad 3 [+2.2V] of VR2 on F.Cu
[unconnected_items]: Missing connection between items
    Local override; error
    @(79.0000 mm, 112.2500 mm): Track [5V] on F.Cu, length 1.7480 mm
    @(79.0325 mm, 103.5000 mm): PTH pad 1 [5V] of J3
[unconnected_items]: Missing connection between items
    Local override; error
    @(77.7640 mm, 131.5185 mm): Track [5V] on F.Cu, length 1.7939 mm
    @(93.6000 mm, 129.5000 mm): Track [5V] on F.Cu, length 1.1500 mm
[unconnected_items]: Missing connection between items
    Local override; error
    @(128.1250 mm, 135.5750 mm): Track [5V] on F.Cu, length 1.7400 mm
    @(137.2175 mm, 137.2500 mm): Track [5V] on F.Cu, length 1.8399 mm
[unconnected_items]: Missing connection between items
    Local override; error
    @(128.1250 mm, 135.5750 mm): Track [5V] on F.Cu, length 1.7400 mm
    @(138.2685 mm, 111.4490 mm): Track [5V] on F.Cu, length 1.8399 mm
[unconnected_items]: Missing connection between items
    Local override; error
    @(139.4750 mm, 121.5000 mm): Pad MP [unconnected-(J1-MountPin-PadMP)] of J1 on F.Cu
    @(139.4750 mm, 131.5000 mm): Pad MP [unconnected-(J1-MountPin-PadMP)] of J1 on F.Cu

** Found 0 Footprint errors **

** End of Report **
